/public/share/likui/hanyu/miniconda3/lib/python3.13/site-packages/pandera/_pandas_deprecated.py:146: FutureWarning: Importing pandas-specific classes and functions from the
top-level pandera module will be **removed in a future version of pandera**.
If you're using pandera to validate pandas objects, we highly recommend updating
your import:

```
# old import
import pandera as pa

# new import
import pandera.pandas as pa
```

If you're using pandera to validate objects from other compatible libraries
like pyspark or polars, see the supported libraries section of the documentation
for more information on how to import pandera:

https://pandera.readthedocs.io/en/stable/supported_libraries.html

To disable this warning, set the environment variable:

```
export DISABLE_PANDERA_IMPORT_WARNING=True
```

  warnings.warn(_future_warning, FutureWarning)
============================================================
开始读取PLINK文件...
只分析染色体 1 的SNP
只使用前 1000 个样本
============================================================
染色体1的SNP数量: 5556
总样本数量: 10000
使用的样本数量: 1000

正在计算等位基因频率和基因型频率...
处理进度: 2500/5556 (45.0%)
处理进度: 5000/5556 (90.0%)
处理进度: 5556/5556 (100.0%)

============================================================
保存结果...
============================================================
结果已保存至: /public/share/likui/hanyu/testdata/In-silico-data/t1/allele_genotype_frequency.csv
摘要已保存至: /public/share/likui/hanyu/testdata/In-silico-data/t1/frequency_summary.txt

============================================================
生成可视化图表...
============================================================
可视化图表已保存至: /public/share/likui/hanyu/testdata/In-silico-data/t1/frequency_visualization.pdf
基因型频率详细图已保存至: /public/share/likui/hanyu/testdata/In-silico-data/t1/genotype_frequency_detail.pdf

============================================================
分析完成!
============================================================

输出文件:
  1. /public/share/likui/hanyu/testdata/In-silico-data/t1/allele_genotype_frequency.csv
  2. /public/share/likui/hanyu/testdata/In-silico-data/t1/frequency_summary.txt
  3. /public/share/likui/hanyu/testdata/In-silico-data/t1/frequency_visualization.pdf
  4. /public/share/likui/hanyu/testdata/In-silico-data/t1/genotype_frequency_detail.pdf
