======================================================================
Single Trait Model (Replicating HIBLUP --single-trait)
Model: Phenotype = mu + HA + e
BFILE: simulated_pop_chr1_1k
Phenotype: phenotype_hiblup.txt
Pedigree: /public/share/likui/hanyu/testdata/In-silico-data/pedigree.txt
Output: .
G weight: 0.95
======================================================================

[1/5] Reading PLINK genotype data...
Reading PLINK files (all chromosomes, all samples)...
  Total samples: 1000, Total SNPs: 5556
  Genotype matrix shape: (1000, 5556)

[2/5] Computing GRM (VanRaden)...
Computing GRM (VanRaden method)...
  GRM diagonal mean: 1.000000
  GRM off-diagonal mean: -0.001000

[3/5] Computing pedigree A matrix...
Computing pedigree relationship matrix A...
  A matrix diagonal mean: 1.000000
  A matrix off-diagonal mean: 0.000000

[4/5] Constructing HA matrix and reading phenotype...
Constructing HA matrix (w=0.95)...
  Mean diagonal and Off-diagonal of A11: 1 0.000000
  Mean diagonal and Off-diagonal of G11: 1.000000 -0.00100000
  Adjust G11: G11* = 0.999 * G11 + 0.0010000000000000009 * I
  Weight of A11 and G11: Gw = 0.95 * G11 + 0.050000000000000044 * A11
  HA matrix construction accomplished.
  1000 effective records without missing will be used for analysis.
  Phenotype mean: -0.000149, std: 0.997124

[5/5] Fitting single trait model (AI-REML)...
Variance components estimation using: AI(20)
The matrix V has a dimension of 1000 x 1000.
Running ...
Alg.     Iter.    LogL.        V(HA)        V(e)        
[AI]     1        -512.87      0.49713      0.49713     
[AI]     2        -500.74      0.00000      1.02150     
[AI]     3        -500.71      0.00000      1.01868     
[AI]     4        -500.71      0.00000      1.01868     
[Converged?] Yes!

Summary of estimated variances and heritability:
       Var Var_SE       h2  h2_SE h2_Pr(Chisq)
 HA 0.0000 0.1074 9.82e-11 0.1054 9.999250e-01
  e 1.0187 0.1167 1.0000 0.1054 0.00e+00

Estimate fixed effects and random effects ...
Summary of estimated coefficients:
 Levels Estimation     SE
     mu -0.00014900965 0.0319

--- EM-REML (max_iter=200) ---
Variance components estimation using: EM(200)
The matrix V has a dimension of 1000 x 1000.
Running ...
Alg.     Iter.    LogL.        V(HA)        V(e)        
[EM]     1        -512.87      0.49713      0.49713     
[EM]     2        -510.86      0.47685      0.54656     
[EM]     3        -509.65      0.43747      0.56986     
[EM]     4        -508.44      0.41070      0.60337     
[EM]     5        -507.51      0.38211      0.62716     
[EM]     6        -506.69      0.35828      0.65224     
[EM]     7        -506.01      0.33585      0.67278     
[EM]     8        -505.42      0.31613      0.69237     
[EM]     9        -504.93      0.29812      0.70933     
[EM]     10       -504.51      0.28201      0.72500     
[EM]     11       -504.15      0.26737      0.73892     
[EM]     12       -503.83      0.25414      0.75168     
[EM]     13       -503.56      0.24209      0.76317     
[EM]     14       -503.32      0.23113      0.77371     
[EM]     15       -503.11      0.22109      0.78330     
[EM]     16       -502.93      0.21188      0.79213     
[EM]     17       -502.76      0.20342      0.80023     
[EM]     18       -502.62      0.19561      0.80772     
[EM]     19       -502.49      0.18838      0.81463     
[EM]     20       -502.37      0.18169      0.82106     
[EM]     21       -502.26      0.17546      0.82702     
[EM]     22       -502.17      0.16966      0.83259     
[EM]     23       -502.08      0.16424      0.83779     
[EM]     24       -502.00      0.15917      0.84265     
[EM]     25       -501.93      0.15442      0.84722     
[EM]     26       -501.86      0.14996      0.85151     
[EM]     27       -501.80      0.14575      0.85555     
[EM]     28       -501.74      0.14179      0.85936     
[EM]     29       -501.69      0.13805      0.86296     
[EM]     30       -501.64      0.13451      0.86636     
[EM]     31       -501.60      0.13116      0.86959     
[EM]     32       -501.55      0.12798      0.87265     
[EM]     33       -501.52      0.12496      0.87556     
[EM]     34       -501.48      0.12209      0.87833     
[EM]     35       -501.45      0.11936      0.88097     
[EM]     36       -501.41      0.11675      0.88348     
[EM]     37       -501.38      0.11427      0.88588     
[EM]     38       -501.36      0.11189      0.88818     
[EM]     39       -501.33      0.10962      0.89037     
[EM]     40       -501.31      0.10744      0.89247     
[EM]     41       -501.28      0.10536      0.89449     
[EM]     42       -501.26      0.10336      0.89642     
[EM]     43       -501.24      0.10145      0.89828     
[EM]     44       -501.22      0.09960      0.90006     
[EM]     45       -501.20      0.09783      0.90177     
[EM]     46       -501.18      0.09613      0.90343     
[EM]     47       -501.17      0.09449      0.90501     
[EM]     48       -501.15      0.09291      0.90655     
[EM]     49       -501.13      0.09138      0.90802     
[EM]     50       -501.12      0.08991      0.90945     
[EM]     51       -501.11      0.08849      0.91083     
[EM]     52       -501.09      0.08712      0.91216     
[EM]     53       -501.08      0.08579      0.91344     
[EM]     54       -501.07      0.08451      0.91469     
[EM]     55       -501.06      0.08327      0.91589     
[EM]     56       -501.04      0.08207      0.91706     
[EM]     57       -501.03      0.08091      0.91819     
[EM]     58       -501.02      0.07978      0.91929     
[EM]     59       -501.01      0.07869      0.92035     
[EM]     60       -501.00      0.07763      0.92138     
[EM]     61       -501.00      0.07660      0.92238     
[EM]     62       -500.99      0.07560      0.92335     
[EM]     63       -500.98      0.07462      0.92430     
[EM]     64       -500.97      0.07368      0.92522     
[EM]     65       -500.96      0.07276      0.92611     
[EM]     66       -500.96      0.07187      0.92698     
[EM]     67       -500.95      0.07100      0.92782     
[EM]     68       -500.94      0.07016      0.92865     
[EM]     69       -500.93      0.06933      0.92945     
[EM]     70       -500.93      0.06853      0.93023     
[EM]     71       -500.92      0.06775      0.93099     
[EM]     72       -500.92      0.06699      0.93173     
[EM]     73       -500.91      0.06625      0.93246     
[EM]     74       -500.90      0.06552      0.93316     
[EM]     75       -500.90      0.06482      0.93385     
[EM]     76       -500.89      0.06413      0.93452     
[EM]     77       -500.89      0.06346      0.93518     
[EM]     78       -500.88      0.06280      0.93582     
[EM]     79       -500.88      0.06216      0.93645     
[EM]     80       -500.87      0.06153      0.93706     
[EM]     81       -500.87      0.06092      0.93766     
[EM]     82       -500.86      0.06032      0.93824     
[EM]     83       -500.86      0.05973      0.93881     
[EM]     84       -500.86      0.05916      0.93937     
[EM]     85       -500.85      0.05860      0.93992     
[EM]     86       -500.85      0.05805      0.94046     
[EM]     87       -500.84      0.05751      0.94098     
[EM]     88       -500.84      0.05699      0.94149     
[EM]     89       -500.84      0.05647      0.94200     
[EM]     90       -500.83      0.05597      0.94249     
[EM]     91       -500.83      0.05547      0.94297     
[EM]     92       -500.83      0.05499      0.94345     
[EM]     93       -500.82      0.05452      0.94391     
[EM]     94       -500.82      0.05405      0.94436     
[EM]     95       -500.82      0.05360      0.94481     
[EM]     96       -500.81      0.05315      0.94525     
[EM]     97       -500.81      0.05271      0.94567     
[EM]     98       -500.81      0.05228      0.94610     
[EM]     99       -500.81      0.05186      0.94651     
[EM]     100      -500.80      0.05144      0.94691     
[EM]     101      -500.80      0.05104      0.94731     
[EM]     102      -500.80      0.05064      0.94770     
[EM]     103      -500.79      0.05025      0.94808     
[EM]     104      -500.79      0.04986      0.94846     
[EM]     105      -500.79      0.04948      0.94883     
[EM]     106      -500.79      0.04911      0.94919     
[EM]     107      -500.79      0.04875      0.94955     
[EM]     108      -500.78      0.04839      0.94990     
[EM]     109      -500.78      0.04804      0.95025     
[EM]     110      -500.78      0.04769      0.95059     
[EM]     111      -500.78      0.04735      0.95092     
[EM]     112      -500.77      0.04702      0.95125     
[EM]     113      -500.77      0.04669      0.95157     
[EM]     114      -500.77      0.04636      0.95189     
[EM]     115      -500.77      0.04605      0.95220     
[EM]     116      -500.77      0.04573      0.95251     
[EM]     117      -500.76      0.04542      0.95281     
[EM]     118      -500.76      0.04512      0.95311     
[EM]     119      -500.76      0.04482      0.95340     
[EM]     120      -500.76      0.04453      0.95369     
[EM]     121      -500.76      0.04424      0.95397     
[EM]     122      -500.76      0.04396      0.95425     
[EM]     123      -500.75      0.04367      0.95452     
[EM]     124      -500.75      0.04340      0.95479     
[EM]     125      -500.75      0.04313      0.95506     
[EM]     126      -500.75      0.04286      0.95532     
[EM]     127      -500.75      0.04260      0.95558     
[EM]     128      -500.75      0.04234      0.95584     
[EM]     129      -500.74      0.04208      0.95609     
[EM]     130      -500.74      0.04183      0.95634     
[EM]     131      -500.74      0.04158      0.95658     
[EM]     132      -500.74      0.04133      0.95682     
[EM]     133      -500.74      0.04109      0.95706     
[EM]     134      -500.74      0.04085      0.95729     
[EM]     135      -500.74      0.04062      0.95752     
[EM]     136      -500.73      0.04039      0.95775     
[EM]     137      -500.73      0.04016      0.95797     
[EM]     138      -500.73      0.03993      0.95819     
[EM]     139      -500.73      0.03971      0.95841     
[EM]     140      -500.73      0.03949      0.95863     
[EM]     141      -500.73      0.03928      0.95884     
[EM]     142      -500.73      0.03906      0.95905     
[EM]     143      -500.73      0.03885      0.95925     
[EM]     144      -500.73      0.03864      0.95946     
[EM]     145      -500.72      0.03844      0.95966     
[EM]     146      -500.72      0.03824      0.95986     
[EM]     147      -500.72      0.03804      0.96005     
[EM]     148      -500.72      0.03784      0.96025     
[EM]     149      -500.72      0.03765      0.96044     
[EM]     150      -500.72      0.03745      0.96063     
[EM]     151      -500.72      0.03727      0.96081     
[EM]     152      -500.72      0.03708      0.96100     
[EM]     153      -500.72      0.03689      0.96118     
[EM]     154      -500.71      0.03671      0.96136     
[EM]     155      -500.71      0.03653      0.96154     
[EM]     156      -500.71      0.03635      0.96171     
[EM]     157      -500.71      0.03618      0.96188     
[EM]     158      -500.71      0.03600      0.96205     
[EM]     159      -500.71      0.03583      0.96222     
[EM]     160      -500.71      0.03566      0.96239     
[EM]     161      -500.71      0.03549      0.96255     
[EM]     162      -500.71      0.03533      0.96272     
[EM]     163      -500.71      0.03516      0.96288     
[EM]     164      -500.71      0.03500      0.96304     
[EM]     165      -500.70      0.03484      0.96319     
[EM]     166      -500.70      0.03469      0.96335     
[EM]     167      -500.70      0.03453      0.96350     
[EM]     168      -500.70      0.03437      0.96365     
[EM]     169      -500.70      0.03422      0.96380     
[EM]     170      -500.70      0.03407      0.96395     
[EM]     171      -500.70      0.03392      0.96410     
[EM]     172      -500.70      0.03377      0.96424     
[EM]     173      -500.70      0.03363      0.96439     
[EM]     174      -500.70      0.03348      0.96453     
[EM]     175      -500.70      0.03334      0.96467     
[EM]     176      -500.70      0.03320      0.96481     
[EM]     177      -500.70      0.03306      0.96495     
[EM]     178      -500.70      0.03292      0.96508     
[EM]     179      -500.69      0.03279      0.96522     
[EM]     180      -500.69      0.03265      0.96535     
[EM]     181      -500.69      0.03252      0.96548     
[EM]     182      -500.69      0.03239      0.96561     
[EM]     183      -500.69      0.03225      0.96574     
[EM]     184      -500.69      0.03213      0.96587     
[EM]     185      -500.69      0.03200      0.96599     
[EM]     186      -500.69      0.03187      0.96612     
[EM]     187      -500.69      0.03175      0.96624     
[EM]     188      -500.69      0.03162      0.96636     
[EM]     189      -500.69      0.03150      0.96648     
[EM]     190      -500.69      0.03138      0.96660     
[EM]     191      -500.69      0.03126      0.96672     
[EM]     192      -500.69      0.03114      0.96684     
[EM]     193      -500.69      0.03102      0.96695     
[EM]     194      -500.69      0.03090      0.96707     
[EM]     195      -500.68      0.03079      0.96718     
[EM]     196      -500.68      0.03067      0.96730     
[EM]     197      -500.68      0.03056      0.96741     
[EM]     198      -500.68      0.03045      0.96752     
[EM]     199      -500.68      0.03034      0.96763     
[EM]     200      -500.68      0.03023      0.96774     
[Converged?] No (reached max_iter=200)

--- HE Regression ---
Variance components estimation using: HE
The matrix V has a dimension of 1000 x 1000.
Running ...
  [HE] 检测到退化解 (V(e)=1.00e-10), 应用ridge正则化 (lambda=1e-3)...
  [HE] Ridge正则化后: V(HA)=0.000000, V(e)=0.000000
[HE]     h2=0.5000, V(HA)=0.000000, V(e)=0.000000
Results of estimated variance components have been saved in the file [./single_trait.vars].
Coefficients of all covariates and fixed effects are saved in file [./single_trait.beta].
Random effects of all individuals are saved in file [./single_trait.rand].

[6/6] Generating visualization plots...
  Variance components plot saved: ./variance_components.pdf/png
  Breeding values plot saved: ./breeding_values.pdf/png
  Variance pie plot saved: ./variance_pie.pdf/png
  三方法对比摘要已保存: ./variance_component_summary.txt

Analysis finished!
======================================================================

Output files:
  1. ./single_trait.vars
  2. ./single_trait.beta
  3. ./single_trait.rand
  4. ./variance_components.pdf/png
  5. ./breeding_values.pdf/png
  6. ./variance_pie.pdf/png
  7. ./single_trait_summary.txt
  8. ./single_trait_summary-zh.txt
  9. ./variance_component_summary.txt
