#=============================================================#
#                    WELCOME TO USE HIBLUP                    #
#           Home: www.hiblup.com                              #
#       Software: Linux x86_64 v1.6.0 (2025-09-29 Release)    #
#     Developers: Lilin Yin, Haohao Zhang and Xiaolei Liu     #
#       Copyright (c) 2021-present. All rights reserved.      #
#=============================================================#
Analysis started: Thu Apr 02 14:50:22 2026
Hostname: ln01

Commands:
/public/share/likui/hanyu/software/bin/hiblup \
  --snp-effect \
  --bfile /public/share/likui/hanyu/testdata/In-silico-data/simulated_population \
  --keep train_samples.txt \
  --extract chr1_snps.txt \
  --gebv blup_train.rand \
  --thread 4 \
  --out blup_snp_effect 

Program will be running on up to 4 threads.
The log will be recorded in file [blup_snp_effect.log].

Loading GEBVs file ...
1000 individuals with calculated GEBV have been detected in file [blup_train.rand].
The column 'GA' will be treated as additive GEBVs.
WARNING: please verify that the information above is correct; if not, regenerate the GEBVs file!

Loading genotype file ...
10000 individuals have been detected in file [/public/share/likui/hanyu/testdata/In-silico-data/simulated_population.fam].
100000 markers have been detected in file [/public/share/likui/hanyu/testdata/In-silico-data/simulated_population.bim].

The selected method for GRM: Su GS, et al. DOI:10.1371/journal.pone.0045293
Calculate allele frequency for 5556 markers using 1000 individuals ...
Construct additive GRM for 1000 individuals using 5556 markers ...

1000 shared individuals will be used for SNP effect calculation.
Perform decompositions to calculate additive SNP effect ...
SNP effects are saved in file [blup_snp_effect.snpeff].

Analysis finished: Thu Apr 02 14:50:22 2026
Total running time: 0h0m0s
